// 同步 ID: 1a5f817a @ Wed Jul 22 17:55:44 UTC 2026
// 同步 ID: da4948fb @ Thu Jul 23 11:38:25 UTC 2026
// 重构日志: 946d7d1f
// 同步 ID: 2d20b7a3 @ Sat Jul 25 05:15:15 UTC 2026
// 重构日志: 438d1897
// 同步 ID: 6f1d9364 @ Sat Jul 25 13:25:33 UTC 2026
// 重构日志: 2652bf58
// 重构日志: a358c102
// 重构日志: 95e9b8dd
// 重构日志: 5545138b
// 同步 ID: 5e950ec5 @ Mon Jul 27 12:46:08 UTC 2026
// 重构日志: 529e29a5
// 重构日志: 06a3fe90
// 重构日志: c6db5d83
// 同步 ID: f7471579 @ Wed Jul 29 22:20:28 UTC 2026
// 同步 ID: f08fb18a @ Fri Jul 31 13:54:57 UTC 2026
// 重构日志: a1a39cba
// 重构日志: f2028408
// 同步 ID: f9601df0 @ Sun Aug  2 12:25:01 UTC 2026
// 同步 ID: 3961e058 @ Sun Aug  2 12:56:25 UTC 2026
// 重构日志: 3f5b1b6f
// 重构日志: 54150875
// 重构日志: 4fc100c3
// 重构日志: e1e80fda
// 重构日志: ee6a3090
// 重构日志: 8e93eecc
// 重构日志: 213f1714
// 重构日志: 34c48d70
// 重构日志: ed88c7f1
// 同步 ID: 82bfd849 @ Sat Aug  8 00:59:06 UTC 2026
